--------- beginning of main
09-05 01:01:02.034 17605 17631 I WatchGatt: CONNECTING 78:02:B7:37:91:E5 (attempt 1)
09-05 01:01:02.155 17605 17615 I WatchGatt: STATE connected status=0
09-05 01:01:02.583 17605 17615 I WatchGatt: PHY tx=2 rx=2 status=0
09-05 01:01:02.976 17605 17615 I WatchGatt: CONNPARAMS interval=24 latency=0 timeout=500 status=0
09-05 01:01:03.254 17605 17615 I WatchGatt: CONNPARAMS interval=6 latency=0 timeout=500 status=0
09-05 01:01:03.810 17605 17615 I WatchGatt: SERVICES 11 status=0
09-05 01:01:03.822 17605 17615 I WatchGatt: MTU 247 status=0
09-05 01:01:03.847 17605 17630 I WatchGatt: NOTIFY 33F2 on
09-05 01:01:03.877 17605 17615 I WatchGatt: CONNPARAMS interval=24 latency=0 timeout=500 status=0
09-05 01:01:03.911 17605 17630 I WatchGatt: NOTIFY 34F2 on
09-05 01:01:03.970 17605 17630 I WatchGatt: FEATURES 080a642a210c3943756edffed921005d784ba1d4 FL1=0x4BA1D4 FL2=0x005D78 FL3=0xFED921 FL4=0x756EDF FL5=0x0C3943 FL6=0x642A21 FL7=0x00080A password=false sync_ts=true sleep_v2=true sport_sync=true
09-05 01:01:03.972 17605 17630 I WatchGatt: READY 78:02:B7:37:91:E5 mtu=247 gen=1 features=FL1=0x4BA1D4 FL2=0x005D78 FL3=0xFED921 FL4=0x756EDF FL5=0x0C3943 FL6=0x642A21 FL7=0x00080A password=false sync_ts=true sleep_v2=true sport_sync=true
09-05 01:01:03.974 17605 17630 I WatchGatt: TX 33F1 a1
09-05 01:01:04.030 17605 17615 I WatchGatt: RX 33F2 a1524832383052474156303038393439
09-05 01:01:04.033 17605 17629 I WatchGatt: TX 33F1 a2
09-05 01:01:04.088 17605 17615 I WatchGatt: RX 33F2 a24c
09-05 01:01:04.091 17605 17629 I WatchGatt: TX 33F1 a307ea0905010104
09-05 01:01:04.149 17605 17615 I WatchGatt: RX 33F2 a307ea0905010104
09-05 01:01:04.150 17605 17629 I WatchGatt: TX 33F1 a900af004b0500001f40010000280100020100
09-05 01:01:04.238 17605 17615 I WatchGatt: RX 33F2 a9
09-05 01:01:04.239 17605 17629 I WatchGatt: TX 33F1 f701
09-05 01:01:04.298 17605 17615 I WatchGatt: RX 33F2 f701
09-05 01:01:04.299 17605 17629 I WatchGatt: TX 33F1 340301000a
09-05 01:01:04.357 17605 17616 I WatchGatt: RX 33F2 340301000a
09-05 01:01:04.358 17605 17629 I WatchGatt: TX 33F1 3404010001173b
09-05 01:01:04.659 17605 17615 I WatchGatt: RX 33F2 3404010001173b
09-05 01:01:04.660 17605 17629 I WatchGatt: settings applied: continuousHr=true spo2Auto=true/10 min goal=8000
09-05 01:01:04.662 17605 17629 I WatchGatt: TX 33F1 b2fa
09-05 01:01:04.928 17605 17618 I WatchGatt: RX 33F2 b207ea09031400840000000000062a010084
09-05 01:01:05.018 17605 17618 I WatchGatt: RX 33F2 b207ea09031500210000000000303a000021
09-05 01:01:05.079 17605 17616 I WatchGatt: RX 33F2 b207ea090316007200000000001630000072
09-05 01:01:05.137 17605 17616 I WatchGatt: RX 33F2 b207ea090317007700000000000522000077
09-05 01:01:05.227 17605 17616 I WatchGatt: RX 33F2 b207ea090402003e0000000000081500003e
09-05 01:01:05.288 17605 17618 I WatchGatt: RX 33F2 b207ea090409010800000000000d31030108
09-05 01:01:05.348 17605 17616 I WatchGatt: RX 33F2 b207ea09040c007100000000002a2e000071
09-05 01:01:05.437 17605 17618 I WatchGatt: RX 33F2 b207ea09040d022c00000000000f2e07022c
09-05 01:01:05.498 17605 17618 I WatchGatt: RX 33F2 b207ea09040e00ed00000000000d370100ed
09-05 01:01:05.559 17605 17615 I WatchGatt: RX 33F2 b207ea09040f00500000000000283b000050
09-05 01:01:05.679 17605 17616 I WatchGatt: RX 33F2 b207ea09041000c000000000000b110200c0
09-05 01:01:05.708 17605 17616 I WatchGatt: RX 33F2 b207ea09041101a00000000000071d0301a0
09-05 01:01:05.770 17605 17615 I WatchGatt: RX 33F2 b207ea090413002400000000001332000024
09-05 01:01:05.859 17605 17615 I WatchGatt: RX 33F2 b207ea090414011700000000000937020117
09-05 01:01:05.919 17605 17615 I WatchGatt: RX 33F2 b207ea090415002e0000000000073300002e
09-05 01:01:05.978 17605 17615 I WatchGatt: RX 33F2 b207ea09041601190000000000062b020119
09-05 01:01:06.069 17605 17616 I WatchGatt: RX 33F2 b207ea09041701090000000000012e020109
09-05 01:01:06.127 17605 17616 I WatchGatt: RX 33F2 b2fddd
09-05 01:01:06.145 17605 17631 I WatchGatt: TX 33F1 f7fa07ea09041628
09-05 01:01:06.279 17605 17618 I WatchGatt: RX 33F2 f707ea090314ffffffffffffffffffffff56
09-05 01:01:06.339 17605 17615 I WatchGatt: RX 33F2 f707ea09031654596f929564776c5e6566ff
09-05 01:01:06.429 17605 17618 I WatchGatt: RX 33F2 f707ea090400ff5957595751575855504f47
09-05 01:01:06.521 17605 17615 I WatchGatt: RX 33F2 f707ea09040246474a534c48494847474440
09-05 01:01:06.609 17605 17616 I WatchGatt: RX 33F2 f707ea09040441463d3e3d413a44413c423f
09-05 01:01:06.698 17605 17618 I WatchGatt: RX 33F2 f707ea090406403d413b3e3f423e333f3a41
09-05 01:01:06.759 17605 17618 I WatchGatt: RX 33F2 f707ea0904083d383c3a3e41423e3e3f4543
09-05 01:01:06.848 17605 17618 I WatchGatt: RX 33F2 f707ea09040a414448483f42586f50545554
09-05 01:01:06.938 17605 17618 I WatchGatt: RX 33F2 f707ea09040effffff585a576d6e56535554
09-05 01:01:06.999 17605 17618 I WatchGatt: RX 33F2 f707ea0904105f51545955596161665e625b
09-05 01:01:07.088 17605 17618 I WatchGatt: RX 33F2 f707ea090412789a68766971736962595c59
09-05 01:01:07.179 17605 17618 I WatchGatt: RX 33F2 f707ea09041460625c625cff595c5f5c595d
09-05 01:01:07.240 17605 17618 I WatchGatt: RX 33F2 f707ea090416565f524f5458534d50504f51
09-05 01:01:07.328 17605 17618 I WatchGatt: RX 33F2 f707ea0905005f60604f57526d515451494a
09-05 01:01:07.390 17605 17618 I WatchGatt: RX 33F2 f707ea090502534a474747ffffffffffffff
09-05 01:01:07.478 17605 17618 I WatchGatt: RX 33F2 f7fd66
09-05 01:01:07.502 17605 17629 I WatchGatt: TX 33F1 34fa
09-05 01:01:07.659 17605 17618 I WatchGatt: RX 33F2 34fa07ea09031600ffff63ffffffffffffff61ff
09-05 01:01:07.720 17605 17618 I WatchGatt: RX 33F2 34fa07ea09040000ffff616061616060606061ff
09-05 01:01:07.809 17605 17618 I WatchGatt: RX 33F2 34fa07ea090402006060605c5c61605d61606061
09-05 01:01:07.899 17605 17618 I WatchGatt: RX 33F2 34fa07ea09040400606161606160606361606162
09-05 01:01:07.959 17605 17618 I WatchGatt: RX 33F2 34fa07ea090406006160616061605c615c60615c
09-05 01:01:08.049 17605 17618 I WatchGatt: RX 33F2 34fa07ea090408005d6160606061636061606160
09-05 01:01:08.139 17605 17618 I WatchGatt: RX 33F2 34fa07ea09040a00ff6060616161616060606260
09-05 01:01:08.199 17605 17618 I WatchGatt: RX 33F2 34fa07ea09040c0060ffffffffffffffffffffff
09-05 01:01:08.288 17605 17618 I WatchGatt: RX 33F2 34fa07ea09040e00ffffffff6160626161ff6261
09-05 01:01:08.379 17605 17618 I WatchGatt: RX 33F2 34fa07ea09041000ff60606260ffffffffff5c61
09-05 01:01:08.442 17605 17618 I WatchGatt: RX 33F2 34fa07ea0904120062ffffffffff60ff60ffffff
09-05 01:01:08.559 17605 17618 I WatchGatt: RX 33F2 34fa07ea09041400ffffff626261626160606161
09-05 01:01:08.617 17605 17618 I WatchGatt: RX 33F2 34fa07ea09041600616162616061615e615c5c60
09-05 01:01:08.679 17605 17618 I WatchGatt: RX 33F2 34fa07ea090500005e62626361605c62616061ff
09-05 01:01:08.736 17605 17618 I WatchGatt: RX 33F2 34fa07ea09050200616360606060ffffffffffff
09-05 01:01:08.826 17605 17618 I WatchGatt: RX 33F2 34fafd50
09-05 01:01:08.842 17605 17631 I WatchGatt: TX 33F1 3101
09-05 01:01:09.006 17605 17615 I WatchGatt: RX 33F2 310107ea09041e
09-05 01:01:09.011 17605 17615 I WatchGatt: RX 34F2 32173a0101001700150201001e00330401000400370201001501100301000101110201000301140401000501190201002b02080301000102090201000a021303010006021902010003021c0401000502210201001702380401000503010201001103120401000203140201002c04040101001e042202010038051e0401000905270201003e062903010001062a02010001062b01010002062d04010005063202010030072604010003072901010013080004010008
09-05 01:01:09.067 17605 17615 I WatchGatt: RX 33F2 310107ea090508
09-05 01:01:09.069 17605 17618 I WatchGatt: RX 34F2 32171b02010013172e03010001172f02010021001404010003001702010017002e01010001002f0401000400330101000a
09-05 01:01:09.127 17605 17618 I WatchGatt: RX 33F2 3102
09-05 01:01:09.142 17605 17631 I WatchGatt: sync: steps=17 hr=156 spo2=125 sleep=38
09-05 01:01:19.397 17605 17615 I WatchGatt: CONNPARAMS interval=248 latency=0 timeout=500 status=0
