--------- beginning of main
09-05 01:06:31.817 17605 17605 I WatchGatt: TX 33F1 b2fa
09-05 01:06:32.204 17605 17615 I WatchGatt: RX 33F2 b207ea09031400840000000000062a010084
09-05 01:06:32.207 17605 17615 I WatchGatt: RX 33F2 b207ea09031500210000000000303a000021
09-05 01:06:32.211 17605 17615 I WatchGatt: RX 33F2 b207ea090316007200000000001630000072
09-05 01:06:32.512 17605 17615 I WatchGatt: RX 33F2 b207ea090317007700000000000522000077
09-05 01:06:32.514 17605 17615 I WatchGatt: RX 33F2 b207ea090402003e0000000000081500003e
09-05 01:06:33.135 17605 17615 I WatchGatt: RX 33F2 b207ea090409010800000000000d31030108
09-05 01:06:33.138 17605 17615 I WatchGatt: RX 33F2 b207ea09040c007100000000002a2e000071
09-05 01:06:33.142 17605 17615 I WatchGatt: RX 33F2 b207ea09040d022c00000000000f2e07022c
09-05 01:06:33.444 17605 17615 I WatchGatt: RX 33F2 b207ea09040e00ed00000000000d370100ed
09-05 01:06:33.447 17605 17615 I WatchGatt: RX 33F2 b207ea09040f00500000000000283b000050
09-05 01:06:33.450 17605 17615 I WatchGatt: RX 33F2 b207ea09041000c000000000000b110200c0
09-05 01:06:34.063 17605 17615 I WatchGatt: RX 33F2 b207ea09041101a00000000000071d0301a0
09-05 01:06:34.066 17605 17615 I WatchGatt: RX 33F2 b207ea090413002400000000001332000024
09-05 01:06:34.068 17605 17615 I WatchGatt: RX 33F2 b207ea090414011700000000000937020117
09-05 01:06:34.070 17605 17615 I WatchGatt: RX 33F2 b207ea090415002e0000000000073300002e
09-05 01:06:34.372 17605 17615 I WatchGatt: RX 33F2 b207ea09041601190000000000062b020119
09-05 01:06:34.374 17605 17615 I WatchGatt: RX 33F2 b207ea09041701090000000000012e020109
09-05 01:06:34.376 17605 17615 I WatchGatt: RX 33F2 b2fddd
09-05 01:06:34.397 17605 17605 I WatchGatt: TX 33F1 f7fa07ea09041632
09-05 01:06:35.022 17605 17615 I WatchGatt: CONNPARAMS interval=24 latency=0 timeout=500 status=0
09-05 01:06:35.143 17605 17616 I WatchGatt: RX 33F2 f707ea090314ffffffffffffffffffffff56
09-05 01:06:35.235 17605 17616 I WatchGatt: RX 33F2 f707ea09031654596f929564776c5e6566ff
09-05 01:06:35.294 17605 17616 I WatchGatt: RX 33F2 f707ea090400ff5957595751575855504f47
09-05 01:06:35.382 17605 17616 I WatchGatt: RX 33F2 f707ea09040246474a534c48494847474440
09-05 01:06:35.474 17605 17616 I WatchGatt: RX 33F2 f707ea09040441463d3e3d413a44413c423f
09-05 01:06:35.534 17605 17615 I WatchGatt: RX 33F2 f707ea090406403d413b3e3f423e333f3a41
09-05 01:06:35.624 17605 17615 I WatchGatt: RX 33F2 f707ea0904083d383c3a3e41423e3e3f4543
09-05 01:06:35.832 17605 17615 I WatchGatt: RX 33F2 f707ea09040a414448483f42586f50545554
09-05 01:06:35.836 17605 17615 I WatchGatt: RX 33F2 f707ea09040effffff585a576d6e56535554
09-05 01:06:35.893 17605 17616 I WatchGatt: RX 33F2 f707ea0904105f51545955596161665e625b
09-05 01:06:35.983 17605 17616 I WatchGatt: RX 33F2 f707ea090412789a68766971736962595c59
09-05 01:06:36.012 17605 17616 I WatchGatt: RX 33F2 f707ea09041460625c625cff595c5f5c595d
09-05 01:06:36.102 17605 17616 I WatchGatt: RX 33F2 f707ea090416565f524f5458534d50504f51
09-05 01:06:36.194 17605 17616 I WatchGatt: RX 33F2 f707ea0905005f60604f57526d515451494a
09-05 01:06:36.253 17605 17616 I WatchGatt: RX 33F2 f707ea090502534a474747ffffffffffffff
09-05 01:06:36.342 17605 17616 I WatchGatt: RX 33F2 f7fd66
09-05 01:06:36.377 17605 17605 I WatchGatt: TX 33F1 34fa
09-05 01:06:36.523 17605 17615 I WatchGatt: RX 33F2 34fa07ea09031600ffff63ffffffffffffff61ff
09-05 01:06:36.583 17605 17615 I WatchGatt: RX 33F2 34fa07ea09040000ffff616061616060606061ff
09-05 01:06:36.705 17605 17615 I WatchGatt: RX 33F2 34fa07ea090402006060605c5c61605d61606061
09-05 01:06:36.763 17605 17616 I WatchGatt: RX 33F2 34fa07ea09040400606161606160606361606162
09-05 01:06:36.823 17605 17616 I WatchGatt: RX 33F2 34fa07ea090406006160616061605c615c60615c
09-05 01:06:36.913 17605 17615 I WatchGatt: RX 33F2 34fa07ea090408005d6160606061636061606160
09-05 01:06:37.002 17605 17615 I WatchGatt: RX 33F2 34fa07ea09040a00ff6060616161616060606260
09-05 01:06:37.062 17605 17615 I WatchGatt: RX 33F2 34fa07ea09040c0060ffffffffffffffffffffff
09-05 01:06:37.154 17605 17615 I WatchGatt: RX 33F2 34fa07ea09040e00ffffffff6160626161ff6261
09-05 01:06:37.243 17605 17615 I WatchGatt: RX 33F2 34fa07ea09041000ff60606260ffffffffff5c61
09-05 01:06:37.304 17605 17615 I WatchGatt: RX 33F2 34fa07ea0904120062ffffffffff60ff60ffffff
09-05 01:06:37.391 17605 17615 I WatchGatt: RX 33F2 34fa07ea09041400ffffff626261626160606161
09-05 01:06:37.574 17605 17615 I WatchGatt: RX 33F2 34fa07ea09041600616162616061615e615c5c60
09-05 01:06:37.604 17605 17615 I WatchGatt: RX 33F2 34fa07ea090500005e62626361605c62616061ff
09-05 01:06:37.631 17605 17615 I WatchGatt: RX 33F2 34fa07ea09050200616360606060ffffffffffff
09-05 01:06:37.691 17605 17615 I WatchGatt: RX 33F2 34fafd50
09-05 01:06:37.717 17605 17605 I WatchGatt: TX 33F1 3101
09-05 01:06:37.902 17605 17615 I WatchGatt: RX 33F2 310107ea09041e
09-05 01:06:37.917 17605 17615 I WatchGatt: RX 34F2 32173a0101001700150201001e00330401000400370201001501100301000101110201000301140401000501190201002b02080301000102090201000a021303010006021902010003021c0401000502210201001702380401000503010201001103120401000203140201002c04040101001e042202010038051e0401000905270201003e062903010001062a02010001062b01010002062d04010005063202010030072604010003072901010013080004010008
09-05 01:06:37.964 17605 17615 I WatchGatt: RX 33F2 310107ea090508
09-05 01:06:37.969 17605 17615 I WatchGatt: RX 34F2 32171b02010013172e03010001172f02010021001404010003001702010017002e01010001002f0401000400330201000f
09-05 01:06:38.022 17605 17615 I WatchGatt: RX 33F2 3102
09-05 01:06:38.098 17605 17605 I WatchGatt: sync: steps=17 hr=156 spo2=125 sleep=38
09-05 01:06:48.235 17605 17615 I WatchGatt: CONNPARAMS interval=248 latency=0 timeout=500 status=0
